Collecting streamlit==1.56.0
  Using cached streamlit-1.56.0-py3-none-any.whl.metadata (9.8 kB)
Collecting altair!=5.4.0,!=5.4.1,<7,>=4.0 (from streamlit==1.56.0)
  Using cached altair-6.2.2-py3-none-any.whl.metadata (11 kB)
Collecting blinker<2,>=1.5.0 (from streamlit==1.56.0)
  Using cached blinker-1.9.0-py3-none-any.whl.metadata (1.6 kB)
Collecting cachetools<8,>=5.5 (from streamlit==1.56.0)
  Using cached cachetools-7.1.6-py3-none-any.whl.metadata (5.5 kB)
Collecting click<9,>=7.0 (from streamlit==1.56.0)
  Using cached click-8.4.2-py3-none-any.whl.metadata (2.6 kB)
Collecting gitpython!=3.1.19,<4,>=3.0.7 (from streamlit==1.56.0)
  Using cached gitpython-3.1.57-py3-none-any.whl.metadata (13 kB)
Collecting numpy<3,>=1.23 (from streamlit==1.56.0)
  Using cached numpy-2.5.1-cp312-cp312-manylinux_2_27_x86_64.manylinux_2_28_x86_64.whl.metadata (6.6 kB)
Collecting packaging>=20 (from streamlit==1.56.0)
  Using cached packaging-26.2-py3-none-any.whl.metadata (3.5 kB)
Collecting pandas<4,>=1.4.0 (from streamlit==1.56.0)
  Using cached pandas-3.0.5-cp312-cp312-manylinux_2_24_x86_64.manylinux_2_28_x86_64.whl.metadata (79 kB)
Collecting pillow<13,>=7.1.0 (from streamlit==1.56.0)
  Using cached pillow-12.3.0-cp312-cp312-manylinux_2_27_x86_64.manylinux_2_28_x86_64.whl.metadata (9.1 kB)
Collecting pydeck<1,>=0.8.0b4 (from streamlit==1.56.0)
  Using cached pydeck-0.9.3-py2.py3-none-any.whl.metadata (4.2 kB)
Collecting protobuf<8,>=3.20 (from streamlit==1.56.0)
  Using cached protobuf-7.35.1-cp310-abi3-manylinux2014_x86_64.whl.metadata (595 bytes)
Collecting pyarrow>=7.0 (from streamlit==1.56.0)
  Using cached pyarrow-25.0.0-cp312-cp312-manylinux_2_28_x86_64.whl.metadata (3.0 kB)
Collecting requests<3,>=2.27 (from streamlit==1.56.0)
  Using cached requests-2.34.2-py3-none-any.whl.metadata (4.8 kB)
Collecting tenacity<10,>=8.1.0 (from streamlit==1.56.0)
  Using cached tenacity-9.1.4-py3-none-any.whl.metadata (1.2 kB)
Collecting toml<2,>=0.10.1 (from streamlit==1.56.0)
  Using cached toml-0.10.2-py2.py3-none-any.whl.metadata (7.1 kB)
Collecting tornado!=6.5.0,<7,>=6.0.3 (from streamlit==1.56.0)
  Using cached tornado-6.5.7-cp39-abi3-manylinux1_x86_64.manylinux_2_28_x86_64.manylinux_2_5_x86_64.whl.metadata (2.8 kB)
Collecting typing-extensions<5,>=4.10.0 (from streamlit==1.56.0)
  Using cached typing_extensions-4.16.0-py3-none-any.whl.metadata (3.3 kB)
Collecting watchdog<7,>=2.1.5 (from streamlit==1.56.0)
  Using cached watchdog-6.0.0-py3-none-manylinux2014_x86_64.whl.metadata (44 kB)
Collecting jinja2 (from altair!=5.4.0,!=5.4.1,<7,>=4.0->streamlit==1.56.0)
  Using cached jinja2-3.1.6-py3-none-any.whl.metadata (2.9 kB)
Collecting jsonschema>=3.0 (from altair!=5.4.0,!=5.4.1,<7,>=4.0->streamlit==1.56.0)
  Using cached jsonschema-4.26.0-py3-none-any.whl.metadata (7.6 kB)
Collecting narwhals>=2.4.0 (from altair!=5.4.0,!=5.4.1,<7,>=4.0->streamlit==1.56.0)
  Using cached narwhals-2.24.0-py3-none-any.whl.metadata (15 kB)
Collecting gitdb<5,>=4.0.1 (from gitpython!=3.1.19,<4,>=3.0.7->streamlit==1.56.0)
  Using cached gitdb-4.0.12-py3-none-any.whl.metadata (1.2 kB)
Collecting python-dateutil>=2.8.2 (from pandas<4,>=1.4.0->streamlit==1.56.0)
  Using cached python_dateutil-2.9.0.post0-py2.py3-none-any.whl.metadata (8.4 kB)
Collecting charset_normalizer<4,>=2 (from requests<3,>=2.27->streamlit==1.56.0)
  Using cached charset_normalizer-3.4.9-cp312-cp312-manylinux2014_x86_64.manylinux_2_17_x86_64.manylinux_2_28_x86_64.whl.metadata (41 kB)
Collecting idna<4,>=2.5 (from requests<3,>=2.27->streamlit==1.56.0)
  Using cached idna-3.18-py3-none-any.whl.metadata (6.1 kB)
Collecting urllib3<3,>=1.26 (from requests<3,>=2.27->streamlit==1.56.0)
  Using cached urllib3-2.7.0-py3-none-any.whl.metadata (6.9 kB)
Collecting certifi>=2023.5.7 (from requests<3,>=2.27->streamlit==1.56.0)
  Using cached certifi-2026.7.22-py3-none-any.whl.metadata (2.5 kB)
Collecting smmap<6,>=3.0.1 (from gitdb<5,>=4.0.1->gitpython!=3.1.19,<4,>=3.0.7->streamlit==1.56.0)
  Using cached smmap-5.0.3-py3-none-any.whl.metadata (4.6 kB)
Collecting MarkupSafe>=2.0 (from jinja2->altair!=5.4.0,!=5.4.1,<7,>=4.0->streamlit==1.56.0)
  Using cached markupsafe-3.0.3-cp312-cp312-manylinux2014_x86_64.manylinux_2_17_x86_64.manylinux_2_28_x86_64.whl.metadata (2.7 kB)
Collecting attrs>=22.2.0 (from jsonschema>=3.0->altair!=5.4.0,!=5.4.1,<7,>=4.0->streamlit==1.56.0)
  Using cached attrs-26.1.0-py3-none-any.whl.metadata (8.8 kB)
Collecting jsonschema-specifications>=2023.03.6 (from jsonschema>=3.0->altair!=5.4.0,!=5.4.1,<7,>=4.0->streamlit==1.56.0)
  Using cached jsonschema_specifications-2025.9.1-py3-none-any.whl.metadata (2.9 kB)
Collecting referencing>=0.28.4 (from jsonschema>=3.0->altair!=5.4.0,!=5.4.1,<7,>=4.0->streamlit==1.56.0)
  Using cached referencing-0.37.0-py3-none-any.whl.metadata (2.8 kB)
Collecting rpds-py>=0.25.0 (from jsonschema>=3.0->altair!=5.4.0,!=5.4.1,<7,>=4.0->streamlit==1.56.0)
  Using cached rpds_py-2026.6.3-cp312-cp312-manylinux_2_17_x86_64.manylinux2014_x86_64.whl.metadata (4.1 kB)
Collecting six>=1.5 (from python-dateutil>=2.8.2->pandas<4,>=1.4.0->streamlit==1.56.0)
  Using cached six-1.17.0-py2.py3-none-any.whl.metadata (1.7 kB)
Using cached streamlit-1.56.0-py3-none-any.whl (9.1 MB)
Using cached altair-6.2.2-py3-none-any.whl (797 kB)
Using cached blinker-1.9.0-py3-none-any.whl (8.5 kB)
Using cached cachetools-7.1.6-py3-none-any.whl (16 kB)
Using cached click-8.4.2-py3-none-any.whl (119 kB)
Using cached gitpython-3.1.57-py3-none-any.whl (217 kB)
Using cached numpy-2.5.1-cp312-cp312-manylinux_2_27_x86_64.manylinux_2_28_x86_64.whl (16.7 MB)
Using cached packaging-26.2-py3-none-any.whl (100 kB)
Using cached pandas-3.0.5-cp312-cp312-manylinux_2_24_x86_64.manylinux_2_28_x86_64.whl (11.0 MB)
Using cached pillow-12.3.0-cp312-cp312-manylinux_2_27_x86_64.manylinux_2_28_x86_64.whl (6.9 MB)
Using cached protobuf-7.35.1-cp310-abi3-manylinux2014_x86_64.whl (327 kB)
Downloading pyarrow-25.0.0-cp312-cp312-manylinux_2_28_x86_64.whl (50.1 MB)
   ━━━━━━━━━━━━━━━━━━━━━━━━━━━━━━━━━━━━━━━━ 50.1/50.1 MB 172.5 kB/s eta 0:00:00
Downloading pydeck-0.9.3-py2.py3-none-any.whl (11.4 MB)
   ━━━━━━━━━━━━━━━━━━━━━━━━━━━━━━━━━━━━━━━━ 11.4/11.4 MB 145.8 kB/s eta 0:00:00
Using cached requests-2.34.2-py3-none-any.whl (73 kB)
Using cached tenacity-9.1.4-py3-none-any.whl (28 kB)
Using cached toml-0.10.2-py2.py3-none-any.whl (16 kB)
Downloading tornado-6.5.7-cp39-abi3-manylinux1_x86_64.manylinux_2_28_x86_64.manylinux_2_5_x86_64.whl (449 kB)
   ━━━━━━━━━━━━━━━━━━━━━━━━━━━━━━━━━━━━━━━━ 449.8/449.8 kB 54.0 kB/s eta 0:00:00
Using cached typing_extensions-4.16.0-py3-none-any.whl (45 kB)
Using cached watchdog-6.0.0-py3-none-manylinux2014_x86_64.whl (79 kB)
Using cached certifi-2026.7.22-py3-none-any.whl (136 kB)
Using cached charset_normalizer-3.4.9-cp312-cp312-manylinux2014_x86_64.manylinux_2_17_x86_64.manylinux_2_28_x86_64.whl (224 kB)
Using cached gitdb-4.0.12-py3-none-any.whl (62 kB)
Using cached idna-3.18-py3-none-any.whl (65 kB)
Using cached jinja2-3.1.6-py3-none-any.whl (134 kB)
Using cached jsonschema-4.26.0-py3-none-any.whl (90 kB)
Downloading narwhals-2.24.0-py3-none-any.whl (461 kB)
   ━━━━━━━━━━━━━━━━━━━━━━━━━━━━━━━━━━━━━━━ 461.0/461.0 kB 143.5 kB/s eta 0:00:00
Using cached python_dateutil-2.9.0.post0-py2.py3-none-any.whl (229 kB)
Using cached urllib3-2.7.0-py3-none-any.whl (131 kB)
Using cached attrs-26.1.0-py3-none-any.whl (67 kB)
Using cached jsonschema_specifications-2025.9.1-py3-none-any.whl (18 kB)
Using cached markupsafe-3.0.3-cp312-cp312-manylinux2014_x86_64.manylinux_2_17_x86_64.manylinux_2_28_x86_64.whl (22 kB)
Using cached referencing-0.37.0-py3-none-any.whl (26 kB)
Downloading rpds_py-2026.6.3-cp312-cp312-manylinux_2_17_x86_64.manylinux2014_x86_64.whl (366 kB)
   ━━━━━━━━━━━━━━━━━━━━━━━━━━━━━━━━━━━━━━━━ 366.2/366.2 kB 68.4 kB/s eta 0:00:00
Using cached six-1.17.0-py2.py3-none-any.whl (11 kB)
Using cached smmap-5.0.3-py3-none-any.whl (24 kB)
Installing collected packages: watchdog, urllib3, typing-extensions, tornado, toml, tenacity, smmap, six, rpds-py, pyarrow, protobuf, pillow, packaging, numpy, narwhals, MarkupSafe, idna, click, charset_normalizer, certifi, cachetools, blinker, attrs, requests, referencing, python-dateutil, jinja2, gitdb, pydeck, pandas, jsonschema-specifications, gitpython, jsonschema, altair, streamlit
Successfully installed MarkupSafe-3.0.3 altair-6.2.2 attrs-26.1.0 blinker-1.9.0 cachetools-7.1.6 certifi-2026.7.22 charset_normalizer-3.4.9 click-8.4.2 gitdb-4.0.12 gitpython-3.1.57 idna-3.18 jinja2-3.1.6 jsonschema-4.26.0 jsonschema-specifications-2025.9.1 narwhals-2.24.0 numpy-2.5.1 packaging-26.2 pandas-3.0.5 pillow-12.3.0 protobuf-7.35.1 pyarrow-25.0.0 pydeck-0.9.3 python-dateutil-2.9.0.post0 referencing-0.37.0 requests-2.34.2 rpds-py-2026.6.3 six-1.17.0 smmap-5.0.3 streamlit-1.56.0 tenacity-9.1.4 toml-0.10.2 tornado-6.5.7 typing-extensions-4.16.0 urllib3-2.7.0 watchdog-6.0.0
